[dotenv@17.3.1] injecting env (0) from server\.env -- tip: ≡ƒöÉ encrypt with Dotenvx: https://dotenvx.com
Status: 404
